
Map of Debug\fat93_stend.sm8 from link file Debug\fat93_stend.lkf - Wed Jan 22 01:50:07 2020


                               --------
                               Segments
                               --------

start 00008080 end 0000893f length  2239 segment .const
start 00008996 end 0000e60e length 23672 segment .text
start 00004000 end 00004000 length     0 segment .eeprom
start 00000000 end 0000003b length    59 segment .bsct, initialized
start 0000894c end 00008987 length    59 segment .bsct, from
start 0000003b end 000000ff length   196 segment .ubsct
start 000000ff end 000000ff length     0 segment .bit
start 000000ff end 000000ff length     0 segment .share
start 00000100 end 0000010f length    15 segment .data, initialized
start 00008987 end 00008996 length    15 segment .data, from
start 0000010f end 00000e22 length  3347 segment .bss
start 00000000 end 000011bd length  4541 segment .info.
start 00000000 end 000083dd length 33757 segment .debug
start 00008000 end 00008080 length   128 segment .const
start 0000893f end 0000894c length    13 segment .init


                               -------
                               Modules
                               -------

C:\Program Files (x86)\COSMIC\CXSTM8_32K\Lib\crtsi0.sm8:
start 00008996 end 000089e1 length    75 section .text
start 0000010f end 0000010f length     0 section .bss
start 0000003b end 0000003b length     0 section .ubsct
start 00000000 end 0000002f length    47 section .info.

Debug\modem.o:
start 000089e1 end 00009427 length  2630 section .text
start 0000010f end 000008ed length  2014 section .bss
start 00000000 end 0000000c length    12 section .bsct
start 0000003b end 0000004d length    18 section .ubsct
start 00000000 end 00000e24 length  3620 section .debug
start 0000002f end 000000af length   128 section .info.
start 00008080 end 00008180 length   256 section .const

Debug\uart1.o:
start 00009427 end 0000a137 length  3344 section .text
start 000008ed end 00000d34 length  1095 section .bss
start 0000004d end 00000058 length    11 section .ubsct
start 00000e24 end 00001573 length  1871 section .debug
start 000000af end 0000012f length   128 section .info.
start 00008180 end 000086f2 length  1394 section .const

Debug\ds1307.o:
start 0000a137 end 0000a1b7 length   128 section .text
start 00001573 end 000016e4 length   369 section .debug
start 0000012f end 000001b0 length   129 section .info.

Debug\ds18b20.o:
start 0000a1b7 end 0000a4d7 length   800 section .text
start 00000100 end 00000102 length     2 section .data
start 00000d34 end 00000d41 length    13 section .bss
start 00000058 end 00000059 length     1 section .ubsct
start 000016e4 end 00001bd8 length  1268 section .debug
start 000001b0 end 00000232 length   130 section .info.
start 000086f2 end 00008719 length    39 section .const

Debug\i2c.o:
start 0000a4d7 end 0000a658 length   385 section .text
start 00001bd8 end 00001eae length   726 section .debug
start 00000232 end 000002b0 length   126 section .info.

Debug\lowlev.o:
start 0000a658 end 0000ab74 length  1308 section .text
start 00000059 end 00000068 length    15 section .ubsct
start 00001eae end 00002ae3 length  3125 section .debug
start 000002b0 end 00000331 length   129 section .info.

Debug\main.o:
start 0000ab74 end 0000d283 length  9999 section .text
start 00000102 end 0000010f length    13 section .data
start 00000d41 end 00000d7b length    58 section .bss
start 0000000c end 00000037 length    43 section .bsct
start 00000068 end 000000ee length   134 section .ubsct
start 00002ae3 end 0000606c length 13705 section .debug
start 00000331 end 000003b0 length   127 section .info.
start 00008719 end 0000883a length   289 section .const

Debug\next_version.o:
start 0000606c end 00006128 length   188 section .debug
start 000003b0 end 00000437 length   135 section .info.
start 0000883a end 0000883e length     4 section .const

Debug\uart3.o:
start 0000d283 end 0000d927 length  1700 section .text
start 00000d7b end 00000e22 length   167 section .bss
start 000000ee end 000000f5 length     7 section .ubsct
start 00006128 end 000063e6 length   702 section .debug
start 00000437 end 000004b7 length   128 section .info.
start 0000883e end 000088d9 length   155 section .const

Debug\watchdog.o:
start 0000d927 end 0000d93d length    22 section .text
start 000063e6 end 00008272 length  7820 section .debug
start 000004b7 end 0000053a length   131 section .info.

(C:\Program Files (x86)\COSMIC\CXSTM8_32K\Lib\libis0.sm8)atoi.o:
start 0000d93d end 0000d99b length    94 section .text
start 0000053a end 000005ac length   114 section .info.

(C:\Program Files (x86)\COSMIC\CXSTM8_32K\Lib\libis0.sm8)isspac0.o:
start 0000d99b end 0000d9ab length    16 section .text
start 000005ac end 000005da length    46 section .info.

(C:\Program Files (x86)\COSMIC\CXSTM8_32K\Lib\libis0.sm8)memcmp.o:
start 0000d9ab end 0000d9db length    48 section .text
start 000005da end 0000064e length   116 section .info.

(C:\Program Files (x86)\COSMIC\CXSTM8_32K\Lib\libis0.sm8)memcpy0.o:
start 0000d9db end 0000d9fb length    32 section .text
start 0000064e end 0000067c length    46 section .info.

(C:\Program Files (x86)\COSMIC\CXSTM8_32K\Lib\libis0.sm8)printf.o:
start 0000d9fb end 0000da0b length    16 section .text
start 0000067c end 000006f0 length   116 section .info.

(C:\Program Files (x86)\COSMIC\CXSTM8_32K\Lib\libis0.sm8)cprint.o:
start 0000da0b end 0000df38 length  1325 section .text
start 000006f0 end 00000764 length   116 section .info.
start 000088d9 end 00008912 length    57 section .const

(C:\Program Files (x86)\COSMIC\CXSTM8_32K\Lib\libis0.sm8)itob.o:
start 0000df38 end 0000e048 length   272 section .text
start 00000764 end 000007d6 length   114 section .info.
start 00008912 end 00008937 length    37 section .const

(C:\Program Files (x86)\COSMIC\CXSTM8_32K\Lib\libis0.sm8)idiv0.o:
start 0000e048 end 0000e053 length    11 section .text
start 000007d6 end 00000802 length    44 section .info.

(C:\Program Files (x86)\COSMIC\CXSTM8_32K\Lib\libis0.sm8)ildiv0.o:
start 0000e053 end 0000e06e length    27 section .text
start 00000802 end 0000082f length    45 section .info.

(C:\Program Files (x86)\COSMIC\CXSTM8_32K\Lib\libis0.sm8)putchr.o:
start 0000e06e end 0000e075 length     7 section .text
start 0000082f end 000008a3 length   116 section .info.

(C:\Program Files (x86)\COSMIC\CXSTM8_32K\Lib\libis0.sm8)rand.o:
start 0000e075 end 0000e09d length    40 section .text
start 00000037 end 0000003b length     4 section .bsct
start 000008a3 end 00000915 length   114 section .info.
start 00008937 end 0000893f length     8 section .const

(C:\Program Files (x86)\COSMIC\CXSTM8_32K\Lib\libis0.sm8)sprnt.o:
start 0000e09d end 0000e0b1 length    20 section .text
start 00000915 end 00000988 length   115 section .info.

(C:\Program Files (x86)\COSMIC\CXSTM8_32K\Lib\libis0.sm8)strcat0.o:
start 0000e0b1 end 0000e0c5 length    20 section .text
start 00000988 end 000009b6 length    46 section .info.

(C:\Program Files (x86)\COSMIC\CXSTM8_32K\Lib\libis0.sm8)strcpy0.o:
start 0000e0c5 end 0000e0d3 length    14 section .text
start 000009b6 end 000009e4 length    46 section .info.

(C:\Program Files (x86)\COSMIC\CXSTM8_32K\Lib\libis0.sm8)strcsp.o:
start 0000e0d3 end 0000e0f7 length    36 section .text
start 000009e4 end 00000a58 length   116 section .info.

(C:\Program Files (x86)\COSMIC\CXSTM8_32K\Lib\libis0.sm8)strlen0.o:
start 0000e0f7 end 0000e103 length    12 section .text
start 00000a58 end 00000a86 length    46 section .info.

(C:\Program Files (x86)\COSMIC\CXSTM8_32K\Lib\libis0.sm8)strnct.o:
start 0000e103 end 0000e12e length    43 section .text
start 00000a86 end 00000afa length   116 section .info.

(C:\Program Files (x86)\COSMIC\CXSTM8_32K\Lib\libis0.sm8)strncp.o:
start 0000e12e end 0000e154 length    38 section .text
start 00000afa end 00000b6e length   116 section .info.

(C:\Program Files (x86)\COSMIC\CXSTM8_32K\Lib\libis0.sm8)strspn.o:
start 0000e154 end 0000e17c length    40 section .text
start 00000b6e end 00000be2 length   116 section .info.

(C:\Program Files (x86)\COSMIC\CXSTM8_32K\Lib\libis0.sm8)strstr.o:
start 0000e17c end 0000e1b0 length    52 section .text
start 00000be2 end 00000c56 length   116 section .info.

(C:\Program Files (x86)\COSMIC\CXSTM8_32K\Lib\libis0.sm8)strtol.o:
start 0000e1b0 end 0000e294 length   228 section .text
start 00000c56 end 00000cca length   116 section .info.

(C:\Program Files (x86)\COSMIC\CXSTM8_32K\Lib\libis0.sm8)tolow0.o:
start 0000e294 end 0000e29f length    11 section .text
start 00000cca end 00000cf7 length    45 section .info.

(C:\Program Files (x86)\COSMIC\CXSTM8_32K\Lib\libis0.sm8)toup0.o:
start 0000e29f end 0000e2aa length    11 section .text
start 00000cf7 end 00000d23 length    44 section .info.

(C:\Program Files (x86)\COSMIC\CXSTM8_32K\Lib\libm0.sm8)ldiv.o:
start 0000e2aa end 0000e395 length   235 section .text
start 00000d23 end 00000d51 length    46 section .info.

(C:\Program Files (x86)\COSMIC\CXSTM8_32K\Lib\libm0.sm8)eeprom.o:
start 0000e395 end 0000e3fb length   102 section .text
start 00000d51 end 00000d81 length    48 section .info.

(C:\Program Files (x86)\COSMIC\CXSTM8_32K\Lib\libm0.sm8)eepwrl.o:
start 0000e3fb end 0000e441 length    70 section .text
start 00000d81 end 00000db1 length    48 section .info.

(C:\Program Files (x86)\COSMIC\CXSTM8_32K\Lib\libm0.sm8)idiv.o:
start 0000e441 end 0000e45f length    30 section .text
start 00000db1 end 00000ddf length    46 section .info.

(C:\Program Files (x86)\COSMIC\CXSTM8_32K\Lib\libm0.sm8)imul.o:
start 0000e45f end 0000e480 length    33 section .text
start 00000ddf end 00000e0d length    46 section .info.

(C:\Program Files (x86)\COSMIC\CXSTM8_32K\Lib\libm0.sm8)itolx.o:
start 0000e480 end 0000e48e length    14 section .text
start 00000e0d end 00000e3c length    47 section .info.

(C:\Program Files (x86)\COSMIC\CXSTM8_32K\Lib\libm0.sm8)ladc.o:
start 0000e48e end 0000e49f length    17 section .text
start 00000e3c end 00000e6a length    46 section .info.

(C:\Program Files (x86)\COSMIC\CXSTM8_32K\Lib\libm0.sm8)ladd.o:
start 0000e49f end 0000e4b7 length    24 section .text
start 00000e6a end 00000e98 length    46 section .info.

(C:\Program Files (x86)\COSMIC\CXSTM8_32K\Lib\libm0.sm8)lgneg.o:
start 0000e4b7 end 0000e4ca length    19 section .text
start 00000e98 end 00000ec7 length    47 section .info.

(C:\Program Files (x86)\COSMIC\CXSTM8_32K\Lib\libm0.sm8)lsmod.o:
start 0000e4ca end 0000e4ec length    34 section .text
start 00000ec7 end 00000ef6 length    47 section .info.

(C:\Program Files (x86)\COSMIC\CXSTM8_32K\Lib\libm0.sm8)lmul.o:
start 0000e4ec end 0000e577 length   139 section .text
start 00000ef6 end 00000f24 length    46 section .info.

(C:\Program Files (x86)\COSMIC\CXSTM8_32K\Lib\libm0.sm8)lneg.o:
start 0000e577 end 0000e58c length    21 section .text
start 00000f24 end 00000f52 length    46 section .info.

(C:\Program Files (x86)\COSMIC\CXSTM8_32K\Lib\libm0.sm8)lreg.o:
start 000000f5 end 000000f9 length     4 section .ubsct
start 00000f52 end 00000f80 length    46 section .info.

(C:\Program Files (x86)\COSMIC\CXSTM8_32K\Lib\libm0.sm8)ltor.o:
start 0000e58c end 0000e59e length    18 section .text
start 00000f80 end 00000fae length    46 section .info.

(C:\Program Files (x86)\COSMIC\CXSTM8_32K\Lib\libm0.sm8)lzmp.o:
start 0000e59e end 0000e5b0 length    18 section .text
start 00000fae end 00000fdc length    46 section .info.

(C:\Program Files (x86)\COSMIC\CXSTM8_32K\Lib\libm0.sm8)rtol.o:
start 0000e5b0 end 0000e5c2 length    18 section .text
start 00000fdc end 0000100a length    46 section .info.

(C:\Program Files (x86)\COSMIC\CXSTM8_32K\Lib\libm0.sm8)sdivx.o:
start 0000e5c2 end 0000e5ed length    43 section .text
start 0000100a end 00001039 length    47 section .info.

(C:\Program Files (x86)\COSMIC\CXSTM8_32K\Lib\libm0.sm8)xreg.o:
start 000000f9 end 000000fc length     3 section .ubsct
start 00001039 end 00001067 length    46 section .info.

(C:\Program Files (x86)\COSMIC\CXSTM8_32K\Lib\libm0.sm8)xymov.o:
start 0000e5ed end 0000e5fc length    15 section .text
start 00001067 end 00001096 length    47 section .info.

(C:\Program Files (x86)\COSMIC\CXSTM8_32K\Lib\libm0.sm8)yreg.o:
start 000000fc end 000000ff length     3 section .ubsct
start 00001096 end 000010c4 length    46 section .info.

(C:\Program Files (x86)\COSMIC\CXSTM8_32K\Lib\libm0.sm8)yxmov.o:
start 0000e5fc end 0000e60d length    17 section .text
start 000010c4 end 000010f3 length    47 section .info.

Debug\stm8_interrupt_vector.o:
start 0000e60d end 0000e60e length     1 section .text
start 00008272 end 000083dd length   363 section .debug
start 000010f3 end 00001183 length   144 section .info.
start 00008000 end 00008080 length   128 section .const


                             -----------
                             Stack usage
                             -----------

Debug\ds1307.o:
__ds1307_read_time                  15   (5)
__ds1307_write_byte                 14   (4)

Debug\ds18b20.o:
_ds18b20_temper_drv                 20   (3)
_wire1_polling                       6   (6)
_wire1_read_byte                    10   (4)
_wire1_rts                           6   (6)
_wire1_send_byte                     8   (4)
_wire1_w0ts                          4   (4)
_wire1_w1ts                          4   (4)

Debug\i2c.o:
_i2c_ReadAcknowledge                 9   (3)
_i2c_ReadByte                       10   (4)
_i2c_Restart                         8   (2)
_i2c_SendAcknowledge                 9   (3)
_i2c_SendByte                       10   (4)
_i2c_Start                           8   (2)
_i2c_Stop                            8   (2)

Debug\lowlev.o:
_bcd2ind                             3   (3)
_bcd2ind_zero                        3   (3)
_bin2bcd_int                         5   (5)
_but_drv                             2   (2)
_clear_ind                           3   (3)
_delay_us                            6   (6)
_gran_char                           6   (6)
_gran_ring_char                      6   (6)
_gran_uchar                     >    6   (6)
_int2indII_slkuf                    15   (10)
_int2indI_slkuf                     15   (10)
_led_flash                           3   (3)
_led_mask_off                        3   (3)
_led_mask_on                    >    3   (3)
_led_off                             3   (3)
_led_on                              3   (3)
_led_set                            10   (4)
_out_drv                             2   (2)
_random_gen                         10   (2)
_ret_ind                             2   (2)
_ret_ind_hndl                       25   (2)
_tree_down                          23   (4)
_tree_up                            25   (6)

Debug\main.o:
_airSensorLineErrorDrv              19   (2)
_beep_drv                       >    2   (2)
_but_an                             30   (5)
_error_warn_hndl                     2   (2)
_ind_hndl                           19   (4)
_input_stat_drv                      2   (2)
_isp_gpio_init                       2   (2)
_isp_hndl                            9   (2)
_main                           >  125   (2)
_matemath                            4   (4)
_power_hndl                     >    3   (3)
_power_in_drv                       19   (2)
_power_in_test                       2   (2)
_power_necc_hndl                >    2   (2)
_sheduler_hndl                       2   (2)
_t4_init                             2   (2)
_time_drv                           18   (3)
_waterTemperAlarmHndl               19   (2)
f_TIM4_UPD_Interrupt            >    5   (5)

Debug\modem.o:
_PDU2text                           43   (17)
_find_empty_number_cell              2   (2)
_find_number_fild_in_text           34   (8)
_find_number_in_text                18   (8)
_find_this_number_in_autorized      31   (21)
_modem_drv                          90   (2)
_modem_gpio_init                >    2   (2)
_modem_send_sms                     17   (7)
_modem_stat_drv                 >    2   (2)
_sms_fifo_drv                      106   (2)
_text2PDU                          104   (16)

Debug\stm8_interrupt_vector.o:
f_NonHandledInterrupt           >    5   (5)

Debug\uart1.o:
_putchar1                       >    3   (3)
_uart1_in_an                       123   (35)
_uart1_init                          2   (2)
f_UART1RxInterrupt              >    7   (7)
f_UART1TxInterrupt              >    5   (5)

Debug\uart3.o:
_uart3_in_an                        41   (16)
_uart3_init                          2   (2)
f_UART3RxInterrupt              >    7   (7)

Debug\watchdog.o:
_watchdog_enable                     2   (2)
_watchdog_reset                      2   (2)

C:\Program Files (x86:
_atoi                               11   (8)
L11__cvtup                           8   (6)
L31__putbuf                         12   (9)
L7__gnum                            19   (16)
__print                             74   (51)
__udiv                               4   (4)
__uldiv                              6   (6)
_isspace                             2   (2)
__itob                              19   (15)
__ltob                              23   (17)
_memcmp                              8   (8)
_memcpy                              8   (8)
_printf                             86   (12)
_putchar                             3   (3)
_rand                                8   (2)
_srand                          >    5   (2)
_sprintf                            88   (14)
_strcat                              6   (6)
_strcpy                              6   (6)
_strcspn                            10   (10)
_strlen                              2   (2)
_strncpy                            10   (10)
_strncat                            10   (10)
_strspn                             10   (10)
_strstr                             10   (10)
_strtol                             26   (20)
_tolower                             2   (2)
_toupper                             2   (2)

Stack size: 132


                              ---------
                              Call tree
                              ---------
   1 > __stext: (0)

   2 > _beep_drv: (2)

   3 > _gran_uchar: (6)

   4 > _led_mask_on: (3)

   5 > _main: (2)
   6      + _airSensorLineErrorDrv: (2)
   7      |    + _modem_send_sms: (7)
   8      |    |    + _strncpy: (10)
          |    | 
   9      |    + _strcpy: (6)
          | 
  10      + _but_an: (5)
  11      |    + __ds1307_write_byte: (4)
  12      |    |    + _i2c_ReadAcknowledge: (3)
  13      |    |    |    + _delay_us: (6)
          |    |    | 
  14      |    |    + _i2c_SendByte: (4)
  15      |    |    |    + _delay_us --> 13
          |    |    | 
  16      |    |    + _i2c_Start: (2)
  17      |    |    |    + _delay_us --> 13
          |    |    | 
  18      |    |    + _i2c_Stop: (2)
  19      |    |    |    + _delay_us --> 13
          |    |    | 
          |    | 
  20      |    + _clear_ind: (3)
  21      |    + _gran_char: (6)
  22      |    + _gran_ring_char: (6)
  23      |    + _ind_hndl: (4)
  24      |    |    + _int2indII_slkuf: (10)
  25      |    |    |    + _bcd2ind: (3)
  26      |    |    |    + _bcd2ind_zero: (3)
  27      |    |    |    + _bin2bcd_int: (5)
          |    |    | 
  28      |    |    + _int2indI_slkuf: (10)
  29      |    |    |    + _bcd2ind --> 25
  30      |    |    |    + _bcd2ind_zero --> 26
  31      |    |    |    + _bin2bcd_int --> 27
          |    |    | 
  32      |    |    + _led_flash: (3)
  33      |    |    + _led_mask_off: (3)
  34      |    |    + _led_off: (3)
  35      |    |    + _led_on: (3)
  36      |    |    + _led_set: (4)
  37      |    |    |    + _gran_char --> 21
          |    |    | 
          |    | 
  38      |    + _ret_ind: (2)
  39      |    + _tree_down: (4)
  40      |    |    + _clear_ind --> 20
  41      |    |    + _ind_hndl --> 23
          |    | 
  42      |    + _tree_up: (6)
  43      |    |    + _clear_ind --> 20
  44      |    |    + _ind_hndl --> 23
          |    | 
          | 
  45      + _but_drv: (2)
  46      + _clear_ind --> 20
  47      + _ds18b20_temper_drv: (3)
  48      |    + _modem_send_sms --> 7
  49      |    + _strcpy --> 9
  50      |    + _wire1_polling: (6)
  51      |    + _wire1_read_byte: (4)
  52      |    |    + _wire1_rts: (6)
          |    | 
  53      |    + _wire1_send_byte: (4)
  54      |    |    + _wire1_w0ts: (4)
  55      |    |    + _wire1_w1ts: (4)
          |    | 
          | 
  56      + _error_warn_hndl: (2)
  57      + _ind_hndl --> 23
  58      + _input_stat_drv: (2)
  59      + _isp_gpio_init: (2)
  60      + _isp_hndl: (2)
  61      + _matemath: (4)
  62      + _modem_drv: (2)
  63      |    + _modem_send_sms --> 7
  64      |    + _printf: (12)
  65      |    |    + __print: (51)
  66      |    |    |    + L11__cvtup: (6)
  67      |    |    |    |    + _toupper: (2)
          |    |    |    | 
  68      |    |    |    + L31__putbuf: (9)
  69      |    |    |    |    + _putchar: (3)
          |    |    |    | 
  70      |    |    |    + L7__gnum: (16)
  71      |    |    |    + __itob: (15)
  72      |    |    |    |    + __udiv: (4)
          |    |    |    | 
  73      |    |    |    + __ltob: (17)
  74      |    |    |    |    + __uldiv: (6)
          |    |    |    | 
  75      |    |    |    + _strlen: (2)
          |    |    | 
          |    | 
  76      |    + _sprintf: (14)
  77      |    |    + __print --> 65
          |    | 
  78      |    + _strcat: (6)
          | 
  79      + _out_drv: (2)
  80      + _power_in_drv: (2)
  81      |    + _modem_send_sms --> 7
  82      |    + _strcpy --> 9
          | 
  83      + _power_in_test: (2)
  84      + _random_gen: (2)
  85      |    + _rand: (2)
          | 
  86      + _ret_ind_hndl: (2)
  87      |    + _tree_down --> 39
          | 
  88      + _sheduler_hndl: (2)
  89      + _sms_fifo_drv: (2)
  90      |    + _strcat --> 78
  91      |    + _text2PDU: (16)
  92      |    |    + _sprintf --> 76
  93      |    |    + _strcat --> 78
  94      |    |    + _strcpy --> 9
          |    | 
          | 
  95      + _t4_init: (2)
  96      + _time_drv: (3)
  97      |    + __ds1307_read_time: (5)
  98      |    |    + _i2c_ReadAcknowledge --> 12
  99      |    |    + _i2c_ReadByte: (4)
 100      |    |    |    + _delay_us --> 13
          |    |    | 
 101      |    |    + _i2c_Restart: (2)
 102      |    |    |    + _delay_us --> 13
          |    |    | 
 103      |    |    + _i2c_SendAcknowledge: (3)
 104      |    |    |    + _delay_us --> 13
          |    |    | 
 105      |    |    + _i2c_SendByte --> 14
 106      |    |    + _i2c_Start --> 16
 107      |    |    + _i2c_Stop --> 18
          |    | 
          | 
 108      + _uart1_in_an: (35)
 109      |    + _PDU2text: (17)
 110      |    |    + _memcpy: (8)
 111      |    |    + _strstr: (10)
 112      |    |    + _strtol: (20)
 113      |    |    + _tolower: (2)
          |    | 
 114      |    + _find_empty_number_cell: (2)
 115      |    + _find_number_fild_in_text: (8)
 116      |    |    + _strcspn: (10)
 117      |    |    + _strlen --> 75
 118      |    |    + _strtol --> 112
          |    | 
 119      |    + _find_number_in_text: (8)
 120      |    |    + _strcspn --> 116
 121      |    |    + _strlen --> 75
 122      |    |    + _strspn: (10)
          |    | 
 123      |    + _find_this_number_in_autorized: (21)
 124      |    |    + _strncpy --> 8
 125      |    |    + _strstr --> 111
          |    | 
 126      |    + _memcmp: (8)
 127      |    + _modem_send_sms --> 7
 128      |    + _printf --> 64
 129      |    + _rand --> 85
 130      |    + _ret_ind --> 38
 131      |    + _sprintf --> 76
 132      |    + _strcat --> 78
 133      |    + _strcpy --> 9
 134      |    + _strncat: (10)
 135      |    + _strncpy --> 8
 136      |    + _strstr --> 111
 137      |    + _strtol --> 112
 138      |    + _tree_down --> 39
 139      |    + _tree_up --> 42
          | 
 140      + _uart1_init: (2)
 141      + _uart3_in_an: (16)
 142      |    + __ds1307_write_byte --> 11
 143      |    + _atoi: (8)
 144      |    |    + _isspace: (2)
          |    | 
 145      |    + _gran_char --> 21
 146      |    + _gran_ring_char --> 22
 147      |    + _memcmp --> 126
 148      |    + _modem_send_sms --> 7
 149      |    + _strstr --> 111
 150      |    + _tree_down --> 39
 151      |    + _tree_up --> 42
          | 
 152      + _uart3_init: (2)
 153      + _watchdog_enable: (2)
 154      + _watchdog_reset: (2)
 155      + _waterTemperAlarmHndl: (2)
 156      |    + _modem_send_sms --> 7
 157      |    + _strcpy --> 9
          | 
       
 158 > _modem_gpio_init: (2)

 159 > _modem_stat_drv: (2)

 160 > _power_hndl: (3)

 161 > _power_necc_hndl: (2)

 162 > _putchar1: (3)

 163 > _srand: (2)

 164 > f_NonHandledInterrupt: (5)

 165 > f_TIM4_UPD_Interrupt: (5)

 166 > f_UART1RxInterrupt: (7)

 167 > f_UART1TxInterrupt: (5)

 168 > f_UART3RxInterrupt: (7)

 169   L11__cvtup --> 66

 170   L31__putbuf --> 68

 171   L7__gnum --> 70

 172   _PDU2text --> 109

 173   __ds1307_read_time --> 97

 174   __ds1307_write_byte --> 11

 175   __itob --> 71

 176   __ltob --> 73

 177   __print --> 65

 178   __udiv --> 72

 179   __uldiv --> 74

 180   _airSensorLineErrorDrv --> 6

 181   _atoi --> 143

 182   _bcd2ind --> 25

 183   _bcd2ind_zero --> 26

 184   _bin2bcd_int --> 27

 185   _but_an --> 10

 186   _but_drv --> 45

 187   _clear_ind --> 20

 188   _delay_us --> 13

 189   _ds18b20_temper_drv --> 47

 190   _error_warn_hndl --> 56

 191   _find_empty_number_cell --> 114

 192   _find_number_fild_in_text --> 115

 193   _find_number_in_text --> 119

 194   _find_this_number_in_autorized --> 123

 195   _gran_char --> 21

 196   _gran_ring_char --> 22

 197   _i2c_ReadAcknowledge --> 12

 198   _i2c_ReadByte --> 99

 199   _i2c_Restart --> 101

 200   _i2c_SendAcknowledge --> 103

 201   _i2c_SendByte --> 14

 202   _i2c_Start --> 16

 203   _i2c_Stop --> 18

 204   _ind_hndl --> 23

 205   _input_stat_drv --> 58

 206   _int2indII_slkuf --> 24

 207   _int2indI_slkuf --> 28

 208   _isp_gpio_init --> 59

 209   _isp_hndl --> 60

 210   _isspace --> 144

 211   _led_flash --> 32

 212   _led_mask_off --> 33

 213   _led_off --> 34

 214   _led_on --> 35

 215   _led_set --> 36

 216   _matemath --> 61

 217   _memcmp --> 126

 218   _memcpy --> 110

 219   _modem_drv --> 62

 220   _modem_send_sms --> 7

 221   _out_drv --> 79

 222   _power_in_drv --> 80

 223   _power_in_test --> 83

 224   _printf --> 64

 225   _putchar --> 69

 226   _rand --> 85

 227   _random_gen --> 84

 228   _ret_ind --> 38

 229   _ret_ind_hndl --> 86

 230   _sheduler_hndl --> 88

 231   _sms_fifo_drv --> 89

 232   _sprintf --> 76

 233   _strcat --> 78

 234   _strcpy --> 9

 235   _strcspn --> 116

 236   _strlen --> 75

 237   _strncat --> 134

 238   _strncpy --> 8

 239   _strspn --> 122

 240   _strstr --> 111

 241   _strtol --> 112

 242   _t4_init --> 95

 243   _text2PDU --> 91

 244   _time_drv --> 96

 245   _tolower --> 113

 246   _toupper --> 67

 247   _tree_down --> 39

 248   _tree_up --> 42

 249   _uart1_in_an --> 108

 250   _uart1_init --> 140

 251   _uart3_in_an --> 141

 252   _uart3_init --> 152

 253   _watchdog_enable --> 153

 254   _watchdog_reset --> 154

 255   _waterTemperAlarmHndl --> 155

 256   _wire1_polling --> 50

 257   _wire1_read_byte --> 51

 258   _wire1_rts --> 52

 259   _wire1_send_byte --> 53

 260   _wire1_w0ts --> 54

 261   _wire1_w1ts --> 55



                               -------
                               Symbols
                               -------

_ADC_CR1                         00005401   defined in Debug\main.o
_ADC_CR2                         00005402   defined in Debug\main.o
_ADC_CR3                         00005403   defined in Debug\main.o
_ADC_CSR                         00005400   defined in Debug\main.o
_ADC_DRH                         00005404   defined in Debug\main.o
_ADC_DRL                         00005405   defined in Debug\main.o
_ADC_TDRH                        00005406   defined in Debug\main.o
_ADC_TDRL                        00005407   defined in Debug\main.o
_AUTH_NUMBER_1                   0000400c   defined in Debug\main.o
                                            used in Debug\modem.o Debug\uart1.o
                                                    Debug\ds18b20.o Debug\uart3.o
_AUTH_NUMBER_2                   0000406b   defined in Debug\main.o
                                            used in Debug\modem.o Debug\uart1.o
                                                    Debug\ds18b20.o Debug\uart3.o
_AUTH_NUMBER_3                   00004075   defined in Debug\main.o
                                            used in Debug\modem.o Debug\uart1.o
                                                    Debug\ds18b20.o Debug\uart3.o
_AUTH_NUMBER_FLAGS               0000407f   defined in Debug\main.o
                                            used in Debug\modem.o Debug\uart1.o
                                                    Debug\ds18b20.o Debug\uart3.o
_AWU_APR                         000050f1   defined in Debug\main.o
_AWU_CSR1                        000050f0   defined in Debug\main.o
_AWU_TBR                         000050f2   defined in Debug\main.o
_BEEP_CSR                        000050f3   defined in Debug\main.o
_BUILD                           0000883c   defined in Debug\next_version.o section .const
                                            used in Debug\uart1.o
_CAN_DGR                         00005426   defined in Debug\main.o
_CAN_FPSR                        00005427   defined in Debug\main.o
_CAN_IER                         00005425   defined in Debug\main.o
_CAN_MCR                         00005420   defined in Debug\main.o
_CAN_MSR                         00005421   defined in Debug\main.o
_CAN_P0                          00005428   defined in Debug\main.o
_CAN_P1                          00005429   defined in Debug\main.o
_CAN_P2                          0000542a   defined in Debug\main.o
_CAN_P3                          0000542b   defined in Debug\main.o
_CAN_P4                          0000542c   defined in Debug\main.o
_CAN_P5                          0000542d   defined in Debug\main.o
_CAN_P6                          0000542e   defined in Debug\main.o
_CAN_P7                          0000542f   defined in Debug\main.o
_CAN_P8                          00005430   defined in Debug\main.o
_CAN_P9                          00005431   defined in Debug\main.o
_CAN_PA                          00005432   defined in Debug\main.o
_CAN_PB                          00005433   defined in Debug\main.o
_CAN_PC                          00005434   defined in Debug\main.o
_CAN_PD                          00005435   defined in Debug\main.o
_CAN_PE                          00005436   defined in Debug\main.o
_CAN_PF                          00005437   defined in Debug\main.o
_CAN_RFR                         00005424   defined in Debug\main.o
_CAN_TPR                         00005423   defined in Debug\main.o
_CAN_TSR                         00005422   defined in Debug\main.o
_CFG_GCR                         00007f60   defined in Debug\main.o
_CLK_CANCCR                      000050cb   defined in Debug\main.o
_CLK_CCOR                        000050c9   defined in Debug\main.o
_CLK_CKDIVR                      000050c6   defined in Debug\main.o
_CLK_CMSR                        000050c3   defined in Debug\main.o
_CLK_CSSR                        000050c8   defined in Debug\main.o
_CLK_ECKCR                       000050c1   defined in Debug\main.o
_CLK_HSITRIMR                    000050cc   defined in Debug\main.o
_CLK_ICKCR                       000050c0   defined in Debug\main.o
_CLK_PCKENR1                     000050c7   defined in Debug\main.o
_CLK_PCKENR2                     000050ca   defined in Debug\main.o
_CLK_SWCR                        000050c5   defined in Debug\main.o
_CLK_SWIMCCR                     000050cd   defined in Debug\main.o
_CLK_SWR                         000050c4   defined in Debug\main.o
_DIGISYM                         00008737   defined in Debug\main.o section .const
                                            used in Debug\lowlev.o
_DM_BK1RE                        00007f90   defined in Debug\main.o
_DM_BK1RH                        00007f91   defined in Debug\main.o
_DM_BK1RL                        00007f92   defined in Debug\main.o
_DM_BK2RE                        00007f93   defined in Debug\main.o
_DM_BK2RH                        00007f94   defined in Debug\main.o
_DM_BK2RL                        00007f95   defined in Debug\main.o
_DM_CR1                          00007f96   defined in Debug\main.o
_DM_CR2                          00007f97   defined in Debug\main.o
_DM_CSR1                         00007f98   defined in Debug\main.o
_DM_CSR2                         00007f99   defined in Debug\main.o
_DM_ENFCTR                       00007f9a   defined in Debug\main.o
_EXTI_CR1                        000050a0   defined in Debug\main.o
_EXTI_CR2                        000050a1   defined in Debug\main.o
_FLASH_CR1                       0000505a   defined in Debug\main.o
_FLASH_CR2                       0000505b   defined in Debug\main.o
                                            used in (C:\Program Files (x86)\COSMIC\CXSTM8_32K\Lib\libm0.sm8)eeprom.o
                                                    (C:\Program Files (x86)\COSMIC\CXSTM8_32K\Lib\libm0.sm8)eepwrl.o
_FLASH_DUKR                      00005064   defined in Debug\main.o
_FLASH_FPR                       0000505d   defined in Debug\main.o
_FLASH_IAPSR                     0000505f   defined in Debug\main.o
                                            used in (C:\Program Files (x86)\COSMIC\CXSTM8_32K\Lib\libm0.sm8)eeprom.o
                                                    (C:\Program Files (x86)\COSMIC\CXSTM8_32K\Lib\libm0.sm8)eepwrl.o
_FLASH_NCR2                      0000505c   defined in Debug\main.o
                                            used in (C:\Program Files (x86)\COSMIC\CXSTM8_32K\Lib\libm0.sm8)eeprom.o
                                                    (C:\Program Files (x86)\COSMIC\CXSTM8_32K\Lib\libm0.sm8)eepwrl.o
_FLASH_NFPR                      0000505e   defined in Debug\main.o
_FLASH_PUKR                      00005062   defined in Debug\main.o
_HUMAN_SET_EE                    0000401e   defined in Debug\main.o
                                            used in Debug\uart1.o Debug\uart3.o
_I2C_CCRH                        0000521c   defined in Debug\main.o
_I2C_CCRL                        0000521b   defined in Debug\main.o
_I2C_CR1                         00005210   defined in Debug\main.o
_I2C_CR2                         00005211   defined in Debug\main.o
_I2C_DR                          00005216   defined in Debug\main.o
_I2C_FREQR                       00005212   defined in Debug\main.o
_I2C_ITR                         0000521a   defined in Debug\main.o
_I2C_OARH                        00005214   defined in Debug\main.o
_I2C_OARL                        00005213   defined in Debug\main.o
_I2C_PECR                        0000521e   defined in Debug\main.o
_I2C_SR1                         00005217   defined in Debug\main.o
_I2C_SR2                         00005218   defined in Debug\main.o
_I2C_SR3                         00005219   defined in Debug\main.o
_I2C_TRISER                      0000521d   defined in Debug\main.o
_ITC_SPR1                        00007f70   defined in Debug\main.o
_ITC_SPR2                        00007f71   defined in Debug\main.o
_ITC_SPR3                        00007f72   defined in Debug\main.o
_ITC_SPR4                        00007f73   defined in Debug\main.o
_ITC_SPR5                        00007f74   defined in Debug\main.o
_ITC_SPR6                        00007f75   defined in Debug\main.o
_ITC_SPR7                        00007f76   defined in Debug\main.o
_ITC_SPR8                        00007f77   defined in Debug\main.o
_IWDG_KR                         000050e0   defined in Debug\main.o
_IWDG_PR                         000050e1   defined in Debug\main.o
_IWDG_RLR                        000050e2   defined in Debug\main.o
_MAIN_NUMBER                     00004002   defined in Debug\main.o
                                            used in Debug\modem.o Debug\uart1.o
                                                    Debug\ds18b20.o Debug\uart3.o
_MAX_POWER_EE                    00004047   defined in Debug\main.o
                                            used in Debug\uart1.o Debug\uart3.o
_MODE_EE                         00004046   defined in Debug\main.o
                                            used in Debug\uart1.o Debug\uart3.o
_NECC_TEMPER_AIR_EE              00004044   defined in Debug\main.o
                                            used in Debug\uart1.o Debug\uart3.o
_NECC_TEMPER_WATER_EE            00004045   defined in Debug\main.o
                                            used in Debug\uart1.o Debug\uart3.o
_PA_CR1                          00005003   defined in Debug\main.o
_PA_CR2                          00005004   defined in Debug\main.o
_PA_DDR                          00005002   defined in Debug\main.o
_PA_IDR                          00005001   defined in Debug\main.o
_PA_ODR                          00005000   defined in Debug\main.o
_PB_CR1                          00005008   defined in Debug\main.o
_PB_CR2                          00005009   defined in Debug\main.o
_PB_DDR                          00005007   defined in Debug\main.o
_PB_IDR                          00005006   defined in Debug\main.o
_PB_ODR                          00005005   defined in Debug\main.o
_PC_CR1                          0000500d   defined in Debug\main.o
_PC_CR2                          0000500e   defined in Debug\main.o
_PC_DDR                          0000500c   defined in Debug\main.o
_PC_IDR                          0000500b   defined in Debug\main.o
_PC_ODR                          0000500a   defined in Debug\main.o
_PDU2text                        000090a4   defined in Debug\modem.o section .text
                                            used in Debug\uart1.o
_PD_CR1                          00005012   defined in Debug\main.o
_PD_CR2                          00005013   defined in Debug\main.o
_PD_DDR                          00005011   defined in Debug\main.o
_PD_IDR                          00005010   defined in Debug\main.o
_PD_ODR                          0000500f   defined in Debug\main.o
_PE_CR1                          00005017   defined in Debug\main.o
_PE_CR2                          00005018   defined in Debug\main.o
_PE_DDR                          00005016   defined in Debug\main.o
_PE_IDR                          00005015   defined in Debug\main.o
_PE_ODR                          00005014   defined in Debug\main.o
_PF_CR1                          0000501c   defined in Debug\main.o
_PF_CR2                          0000501d   defined in Debug\main.o
_PF_DDR                          0000501b   defined in Debug\main.o
_PF_IDR                          0000501a   defined in Debug\main.o
_PF_ODR                          00005019   defined in Debug\main.o
_PG_CR1                          00005021   defined in Debug\main.o
_PG_CR2                          00005022   defined in Debug\main.o
_PG_DDR                          00005020   defined in Debug\main.o
_PG_IDR                          0000501f   defined in Debug\main.o
_PG_ODR                          0000501e   defined in Debug\main.o
_PH_CR1                          00005026   defined in Debug\main.o
_PH_CR2                          00005027   defined in Debug\main.o
_PH_DDR                          00005025   defined in Debug\main.o
_PH_IDR                          00005024   defined in Debug\main.o
_PH_ODR                          00005023   defined in Debug\main.o
_PI_CR1                          0000502b   defined in Debug\main.o
_PI_CR2                          0000502c   defined in Debug\main.o
_PI_DDR                          0000502a   defined in Debug\main.o
_PI_IDR                          00005029   defined in Debug\main.o
_PI_ODR                          00005028   defined in Debug\main.o
_RST_SR                          000050b3   defined in Debug\main.o
_SPI_CR1                         00005200   defined in Debug\main.o
_SPI_CR2                         00005201   defined in Debug\main.o
_SPI_CRCPR                       00005205   defined in Debug\main.o
_SPI_DR                          00005204   defined in Debug\main.o
_SPI_ICR                         00005202   defined in Debug\main.o
_SPI_RXCRCR                      00005206   defined in Debug\main.o
_SPI_SR                          00005203   defined in Debug\main.o
_SPI_TXCRCR                      00005207   defined in Debug\main.o
_SWIM_CSR                        00007f80   defined in Debug\main.o
_TABLE_TEMPER_EE                 00004048   defined in Debug\main.o
                                            used in Debug\uart3.o
_TABLE_TIME_EE_MAX               0000875a   defined in Debug\main.o section .const
_TABLE_TIME_EE_MIN               00008755   defined in Debug\main.o section .const
_TIM1_ARRH                       00005262   defined in Debug\main.o
_TIM1_ARRL                       00005263   defined in Debug\main.o
_TIM1_BKR                        0000526d   defined in Debug\main.o
_TIM1_CCER1                      0000525c   defined in Debug\main.o
_TIM1_CCER2                      0000525d   defined in Debug\main.o
_TIM1_CCMR1                      00005258   defined in Debug\main.o
_TIM1_CCMR2                      00005259   defined in Debug\main.o
_TIM1_CCMR3                      0000525a   defined in Debug\main.o
_TIM1_CCMR4                      0000525b   defined in Debug\main.o
_TIM1_CCR1H                      00005265   defined in Debug\main.o
_TIM1_CCR1L                      00005266   defined in Debug\main.o
_TIM1_CCR2H                      00005267   defined in Debug\main.o
_TIM1_CCR2L                      00005268   defined in Debug\main.o
_TIM1_CCR3H                      00005269   defined in Debug\main.o
_TIM1_CCR3L                      0000526a   defined in Debug\main.o
_TIM1_CCR4H                      0000526b   defined in Debug\main.o
_TIM1_CCR4L                      0000526c   defined in Debug\main.o
_TIM1_CNTRH                      0000525e   defined in Debug\main.o
_TIM1_CNTRL                      0000525f   defined in Debug\main.o
_TIM1_CR1                        00005250   defined in Debug\main.o
_TIM1_CR2                        00005251   defined in Debug\main.o
_TIM1_DTR                        0000526e   defined in Debug\main.o
_TIM1_EGR                        00005257   defined in Debug\main.o
_TIM1_ETR                        00005253   defined in Debug\main.o
_TIM1_IER                        00005254   defined in Debug\main.o
_TIM1_OISR                       0000526f   defined in Debug\main.o
_TIM1_PSCRH                      00005260   defined in Debug\main.o
_TIM1_PSCRL                      00005261   defined in Debug\main.o
_TIM1_RCR                        00005264   defined in Debug\main.o
_TIM1_SMCR                       00005252   defined in Debug\main.o
_TIM1_SR1                        00005255   defined in Debug\main.o
_TIM1_SR2                        00005256   defined in Debug\main.o
_TIM2_ARRH                       0000530d   defined in Debug\main.o
_TIM2_ARRL                       0000530e   defined in Debug\main.o
_TIM2_CCER1                      00005308   defined in Debug\main.o
_TIM2_CCER2                      00005309   defined in Debug\main.o
_TIM2_CCMR1                      00005305   defined in Debug\main.o
_TIM2_CCMR2                      00005306   defined in Debug\main.o
_TIM2_CCMR3                      00005307   defined in Debug\main.o
_TIM2_CCR1H                      0000530f   defined in Debug\main.o
_TIM2_CCR1L                      00005310   defined in Debug\main.o
_TIM2_CCR2H                      00005311   defined in Debug\main.o
_TIM2_CCR2L                      00005312   defined in Debug\main.o
_TIM2_CCR3H                      00005313   defined in Debug\main.o
_TIM2_CCR3L                      00005314   defined in Debug\main.o
_TIM2_CNTRH                      0000530a   defined in Debug\main.o
_TIM2_CNTRL                      0000530b   defined in Debug\main.o
_TIM2_CR1                        00005300   defined in Debug\main.o
_TIM2_EGR                        00005304   defined in Debug\main.o
_TIM2_IER                        00005301   defined in Debug\main.o
_TIM2_PSCR                       0000530c   defined in Debug\main.o
_TIM2_SR1                        00005302   defined in Debug\main.o
_TIM2_SR2                        00005303   defined in Debug\main.o
_TIM3_ARRH                       0000532b   defined in Debug\main.o
_TIM3_ARRL                       0000532c   defined in Debug\main.o
_TIM3_CCER1                      00005327   defined in Debug\main.o
_TIM3_CCMR1                      00005325   defined in Debug\main.o
_TIM3_CCMR2                      00005326   defined in Debug\main.o
_TIM3_CCR1H                      0000532d   defined in Debug\main.o
_TIM3_CCR1L                      0000532e   defined in Debug\main.o
_TIM3_CCR2H                      0000532f   defined in Debug\main.o
_TIM3_CCR2L                      00005330   defined in Debug\main.o
_TIM3_CNTRH                      00005328   defined in Debug\main.o
_TIM3_CNTRL                      00005329   defined in Debug\main.o
_TIM3_CR1                        00005320   defined in Debug\main.o
_TIM3_EGR                        00005324   defined in Debug\main.o
_TIM3_IER                        00005321   defined in Debug\main.o
_TIM3_PSCR                       0000532a   defined in Debug\main.o
_TIM3_SR1                        00005322   defined in Debug\main.o
_TIM3_SR2                        00005323   defined in Debug\main.o
_TIM4_ARR                        00005346   defined in Debug\main.o
_TIM4_CNTR                       00005344   defined in Debug\main.o
_TIM4_CR1                        00005340   defined in Debug\main.o
_TIM4_EGR                        00005343   defined in Debug\main.o
_TIM4_IER                        00005341   defined in Debug\main.o
_TIM4_PSCR                       00005345   defined in Debug\main.o
_TIM4_SR                         00005342   defined in Debug\main.o
_USART1_BRR1                     00005232   defined in Debug\main.o
_USART1_BRR2                     00005233   defined in Debug\main.o
_USART1_CR1                      00005234   defined in Debug\main.o
_USART1_CR2                      00005235   defined in Debug\main.o
_USART1_CR3                      00005236   defined in Debug\main.o
_USART1_CR4                      00005237   defined in Debug\main.o
_USART1_CR5                      00005238   defined in Debug\main.o
_USART1_DR                       00005231   defined in Debug\main.o
_USART1_GTR                      00005239   defined in Debug\main.o
_USART1_PSCR                     0000523a   defined in Debug\main.o
_USART1_SR                       00005230   defined in Debug\main.o
_USART3_BRR1                     00005242   defined in Debug\main.o
_USART3_BRR2                     00005243   defined in Debug\main.o
_USART3_CR1                      00005244   defined in Debug\main.o
_USART3_CR2                      00005245   defined in Debug\main.o
_USART3_CR3                      00005246   defined in Debug\main.o
_USART3_CR4                      00005247   defined in Debug\main.o
_USART3_CR6                      00005249   defined in Debug\main.o
_USART3_DR                       00005241   defined in Debug\main.o
_USART3_SR                       00005240   defined in Debug\main.o
_VERSION                         0000883a   defined in Debug\next_version.o section .const
                                            used in Debug\uart1.o
_WWDG_CR                         000050d1   defined in Debug\main.o
_WWDG_WR                         000050d2   defined in Debug\main.o
__ds1307_read_time               0000a15e   defined in Debug\ds1307.o section .text
                                            used in Debug\main.o
__ds1307_write_byte              0000a137   defined in Debug\ds1307.o section .text
                                            used in Debug\main.o Debug\uart3.o
__endmem                         000013ff   defined in command file
                                            *** not used ***
__endzp                          000000ff   defined in command file section .ubsct
                                            used in C:\Program Files (x86)\COSMIC\CXSTM8_32K\Lib\crtsi0.sm8
__idesc__                        0000893f   defined in linker section .init
                                            used in C:\Program Files (x86)\COSMIC\CXSTM8_32K\Lib\crtsi0.sm8
__itob                           0000df38   defined in (C:\Program Files (x86)\COSMIC\CXSTM8_32K\Lib\libis0.sm8)itob.o section .text
                                            used in (C:\Program Files (x86)\COSMIC\CXSTM8_32K\Lib\libis0.sm8)cprint.o
__ltob                           0000dfb2   defined in (C:\Program Files (x86)\COSMIC\CXSTM8_32K\Lib\libis0.sm8)itob.o section .text
                                            used in (C:\Program Files (x86)\COSMIC\CXSTM8_32K\Lib\libis0.sm8)cprint.o
__memory                         00000e22   defined in command file section .bss
                                            used in C:\Program Files (x86)\COSMIC\CXSTM8_32K\Lib\crtsi0.sm8
__print                          0000db05   defined in (C:\Program Files (x86)\COSMIC\CXSTM8_32K\Lib\libis0.sm8)cprint.o section .text
                                            used in (C:\Program Files (x86)\COSMIC\CXSTM8_32K\Lib\libis0.sm8)printf.o
                                                    (C:\Program Files (x86)\COSMIC\CXSTM8_32K\Lib\libis0.sm8)sprnt.o
__stack                          000017ff   defined in command file
                                            used in C:\Program Files (x86)\COSMIC\CXSTM8_32K\Lib\crtsi0.sm8
__startmem                       00000e22   defined in command file section .bss
                                            *** not used ***
__stext                          00008996   defined in C:\Program Files (x86)\COSMIC\CXSTM8_32K\Lib\crtsi0.sm8 section .text
                                            used in Debug\stm8_interrupt_vector.o
__udiv                           0000e048   defined in (C:\Program Files (x86)\COSMIC\CXSTM8_32K\Lib\libis0.sm8)idiv0.o section .text
                                            used in (C:\Program Files (x86)\COSMIC\CXSTM8_32K\Lib\libis0.sm8)itob.o
__uldiv                          0000e053   defined in (C:\Program Files (x86)\COSMIC\CXSTM8_32K\Lib\libis0.sm8)ildiv0.o section .text
                                            used in (C:\Program Files (x86)\COSMIC\CXSTM8_32K\Lib\libis0.sm8)itob.o
__vectab                         00008000   defined in Debug\stm8_interrupt_vector.o section .const
_a_ind                           000000c9   defined in Debug\main.o section .ubsct
                                            used in Debug\uart1.o Debug\lowlev.o
                                                    Debug\uart3.o
_airSensorErrorStat              0000002f   defined in Debug\main.o section .bsct, initialized
                                            used in Debug\uart1.o Debug\uart3.o
_airSensorErrorStatOld           00000030   defined in Debug\main.o section .bsct, initialized
_airSensorLineErrorDrv           0000ae7a   defined in Debug\main.o section .text
_aktualTemper                    00000085   defined in Debug\main.o section .ubsct
_atoi                            0000d93d   defined in (C:\Program Files (x86)\COSMIC\CXSTM8_32K\Lib\libis0.sm8)atoi.o section .text
                                            used in Debug\uart3.o
_b100Hz                          0000000c   defined in Debug\main.o section .bsct, initialized
_b10Hz                           0000000d   defined in Debug\main.o section .bsct, initialized
_b1Hz                            00000010   defined in Debug\main.o section .bsct, initialized
_b2Hz                            0000000f   defined in Debug\main.o section .bsct, initialized
_b5Hz                            0000000e   defined in Debug\main.o section .bsct, initialized
_bBUY_SMS                        00000052   defined in Debug\uart1.o section .ubsct
                                            used in Debug\modem.o
_bCBC                            00000053   defined in Debug\uart1.o section .ubsct
                                            used in Debug\modem.o
_bCBC_SELF                       00000d4d   defined in Debug\main.o section .bss
                                            used in Debug\uart1.o
_bDEB                            00000068   defined in Debug\main.o section .ubsct
_bERR                            00000070   defined in Debug\main.o section .ubsct
_bERROR                          00000056   defined in Debug\uart1.o section .ubsct
                                            used in Debug\modem.o
_bFL1                            0000008e   defined in Debug\main.o section .ubsct
_bFL2                            0000008f   defined in Debug\main.o section .ubsct
                                            used in Debug\lowlev.o
_bFL5                            00000090   defined in Debug\main.o section .ubsct
                                            used in Debug\lowlev.o
_bFL_                            0000008d   defined in Debug\main.o section .ubsct
_bINITIALIZED                    00000055   defined in Debug\uart1.o section .ubsct
                                            used in Debug\modem.o
_bOK                             00000057   defined in Debug\uart1.o section .ubsct
                                            used in Debug\modem.o
_bRXIN1                          00000911   defined in Debug\uart1.o section .bss
_bRXIN3                          00000d7b   defined in Debug\uart3.o section .bss
_bWARN                           0000006f   defined in Debug\main.o section .ubsct
_bWATCHDOG_REFRESH               00000036   defined in Debug\main.o section .bsct, initialized
_b_ind                           00000097   defined in Debug\main.o section .ubsct
                                            used in Debug\lowlev.o
_bcd2ind                         0000a86c   defined in Debug\lowlev.o section .text
_bcd2ind_zero                    0000a893   defined in Debug\lowlev.o section .text
_beepTestCnt                     00000d4c   defined in Debug\main.o section .bss
_beep_drv                        0000b01b   defined in Debug\main.o section .text
_beep_drv_cnt                    00000071   defined in Debug\main.o section .ubsct
_bin2bcd_int                     0000a841   defined in Debug\lowlev.o section .text
_buferBodyToSendPDUSMS           0000063b   defined in Debug\modem.o section .bss
_buferBodyToSendPDUSMS__         00000515   defined in Debug\modem.o section .bss
_buferHeadToSendPDUSMS           00000799   defined in Debug\modem.o section .bss
_buff_for_time                   0000007a   defined in Debug\main.o section .ubsct
_but                             00000064   defined in Debug\lowlev.o section .ubsct
                                            used in Debug\main.o
_but0_cnt                        00000060   defined in Debug\lowlev.o section .ubsct
_but1_cnt                        0000005e   defined in Debug\lowlev.o section .ubsct
_but_an                          0000c3c8   defined in Debug\main.o section .text
_but_drv                         0000a6c1   defined in Debug\lowlev.o section .text
                                            used in Debug\main.o
_but_n                           00000066   defined in Debug\lowlev.o section .ubsct
_but_new                         00000067   defined in Debug\lowlev.o section .ubsct
                                            used in Debug\main.o
_but_onL_temp                    0000005b   defined in Debug\lowlev.o section .ubsct
_but_s                           00000065   defined in Debug\lowlev.o section .ubsct
_c_ind                           00000092   defined in Debug\main.o section .ubsct
_cbcRequ                         000008ef   defined in Debug\uart1.o section .bss
_cbcSystemRequ                   00000d6e   defined in Debug\main.o section .bss
_cbcVoltage                      00000d4e   defined in Debug\main.o section .bss
                                            used in Debug\uart1.o
_cbc_temp                        00000d5f   defined in Debug\main.o section .bss
                                            used in Debug\modem.o Debug\uart1.o
_cbc_temp1                       00000d50   defined in Debug\main.o section .bss
                                            used in Debug\uart1.o
_cell                            000008ed   defined in Debug\uart1.o section .bss
_clear_ind                       0000a75c   defined in Debug\lowlev.o section .text
                                            used in Debug\main.o
_cntAirSensorLineErrorHi         0000006d   defined in Debug\main.o section .ubsct
                                            used in Debug\uart3.o
_cntAirSensorLineErrorLo         0000006e   defined in Debug\main.o section .ubsct
                                            used in Debug\uart1.o Debug\uart3.o
_currRandom                      000000ed   defined in Debug\main.o section .ubsct
                                            used in Debug\lowlev.o
_day_sheduler_time               0000006a   defined in Debug\main.o section .ubsct
_delay_us                        0000a6a1   defined in Debug\lowlev.o section .text
                                            used in Debug\i2c.o
_dig                             000000d3   defined in Debug\main.o section .ubsct
                                            used in Debug\lowlev.o
_digi                            000000ee   defined in Debug\uart3.o section .ubsct
_ds18b20ErrorHiCnt               00000d36   defined in Debug\ds18b20.o section .bss
_ds18b20ErrorLoCnt               00000d35   defined in Debug\ds18b20.o section .bss
_ds18b20ErrorOffCnt              00000d34   defined in Debug\ds18b20.o section .bss
_ds18b20_temper_drv              0000a1b7   defined in Debug\ds18b20.o section .text
                                            used in Debug\main.o
_error_warn_hndl                 0000ae18   defined in Debug\main.o section .text
_exit                            000089df   defined in C:\Program Files (x86)\COSMIC\CXSTM8_32K\Lib\crtsi0.sm8 section .text
_fiksRandom                      000000ec   defined in Debug\main.o section .ubsct
_find_empty_number_cell          0000927b   defined in Debug\modem.o section .text
                                            used in Debug\uart1.o
_find_number_fild_in_text        000093fd   defined in Debug\modem.o section .text
                                            used in Debug\uart1.o
_find_number_in_text             0000917f   defined in Debug\modem.o section .text
                                            used in Debug\uart1.o
_find_this_number_in_autorized   000091bc   defined in Debug\modem.o section .text
                                            used in Debug\uart1.o
_gran_char                       0000a7f2   defined in Debug\lowlev.o section .text
                                            used in Debug\main.o Debug\uart3.o
_gran_ring_char                  0000a826   defined in Debug\lowlev.o section .text
                                            used in Debug\main.o Debug\uart3.o
_gran_uchar                      0000a80d   defined in Debug\lowlev.o section .text
_i2c_ReadAcknowledge             0000a533   defined in Debug\i2c.o section .text
                                            used in Debug\ds1307.o
_i2c_ReadByte                    0000a56a   defined in Debug\i2c.o section .text
                                            used in Debug\ds1307.o
_i2c_Restart                     0000a510   defined in Debug\i2c.o section .text
                                            used in Debug\ds1307.o
_i2c_SendAcknowledge             0000a5b8   defined in Debug\i2c.o section .text
                                            used in Debug\ds1307.o
_i2c_SendByte                    0000a5ef   defined in Debug\i2c.o section .text
                                            used in Debug\ds1307.o
_i2c_Start                       0000a4d7   defined in Debug\i2c.o section .text
                                            used in Debug\ds1307.o
_i2c_Stop                        0000a63b   defined in Debug\i2c.o section .text
                                            used in Debug\ds1307.o
_incommingNumber                 00000907   defined in Debug\uart1.o section .bss
_incommingNumberToMain           000008fd   defined in Debug\uart1.o section .bss
_incommingNumberUSSDRequ         000008f3   defined in Debug\uart1.o section .bss
_ind_check_cnt                   00000d4a   defined in Debug\main.o section .bss
_ind_check_cnt1                  00000d48   defined in Debug\main.o section .bss
_ind_cnt                         000000e9   defined in Debug\main.o section .ubsct
_ind_hndl                        0000b2ef   defined in Debug\main.o section .text
                                            used in Debug\lowlev.o
_ind_outB                        000000dd   defined in Debug\main.o section .ubsct
                                            used in Debug\lowlev.o
_ind_outC                        00000016   defined in Debug\main.o section .bsct, initialized
                                            used in Debug\lowlev.o
_ind_outG                        00000022   defined in Debug\main.o section .bsct, initialized
                                            used in Debug\lowlev.o
_ind_out_                        000000ce   defined in Debug\main.o section .ubsct
                                            used in Debug\lowlev.o
_ind_pointer                     0000002e   defined in Debug\main.o section .bsct, initialized
                                            used in Debug\lowlev.o
_ind_strob                       0000872b   defined in Debug\main.o section .const
_input_stat_drv                  0000ab74   defined in Debug\main.o section .text
_int2indII_slkuf                 0000a956   defined in Debug\lowlev.o section .text
                                            used in Debug\main.o
_int2indI_slkuf                  0000a8e2   defined in Debug\lowlev.o section .text
                                            used in Debug\main.o
_isFromAutorizedNumberMess       00000050   defined in Debug\uart1.o section .ubsct
_isFromMainNumberMess            00000051   defined in Debug\uart1.o section .ubsct
_isFromNotAutorizedNumberMess    0000004f   defined in Debug\uart1.o section .ubsct
_isp_cnt                         00000d47   defined in Debug\main.o section .bss
_isp_gpio_init                   0000ac3b   defined in Debug\main.o section .text
_isp_hndl                        0000b130   defined in Debug\main.o section .text
_isp_in_cnt                      00000d41   defined in Debug\main.o section .bss
_isp_main_cnt                    00004020   defined in Debug\main.o
_isspace                         0000d99b   defined in (C:\Program Files (x86)\COSMIC\CXSTM8_32K\Lib\libis0.sm8)isspac0.o section .text
                                            used in (C:\Program Files (x86)\COSMIC\CXSTM8_32K\Lib\libis0.sm8)atoi.o
_l_but                           00000063   defined in Debug\lowlev.o section .ubsct
_led_flash                       0000ab39   defined in Debug\lowlev.o section .text
                                            used in Debug\main.o
_led_ind_out1                    0000008c   defined in Debug\main.o section .ubsct
                                            used in Debug\lowlev.o
_led_ind_out2                    0000008b   defined in Debug\main.o section .ubsct
                                            used in Debug\lowlev.o
_led_mask_off                    0000aabf   defined in Debug\lowlev.o section .text
                                            used in Debug\main.o
_led_mask_on                     0000aace   defined in Debug\lowlev.o section .text
_led_off                         0000aadd   defined in Debug\lowlev.o section .text
                                            used in Debug\main.o
_led_on                          0000ab0a   defined in Debug\lowlev.o section .text
                                            used in Debug\main.o
_led_set                         0000aa09   defined in Debug\lowlev.o section .text
                                            used in Debug\main.o
_lenPDUSMS                       00000639   defined in Debug\modem.o section .bss
_main                            0000d171   defined in Debug\main.o section .text
                                            used in C:\Program Files (x86)\COSMIC\CXSTM8_32K\Lib\crtsi0.sm8
_mainCnt                         000000ea   defined in Debug\main.o section .ubsct
_main_power_off_hndl_cnt         00000d6f   defined in Debug\main.o section .bss
_matemath                        0000b292   defined in Debug\main.o section .text
_memcmp                          0000d9ab   defined in (C:\Program Files (x86)\COSMIC\CXSTM8_32K\Lib\libis0.sm8)memcmp.o section .text
                                            used in Debug\uart1.o Debug\uart3.o
_memcpy                          0000d9db   defined in (C:\Program Files (x86)\COSMIC\CXSTM8_32K\Lib\libis0.sm8)memcpy0.o section .text
                                            used in Debug\modem.o
_modemDrvInitStepCnt             00000004   defined in Debug\modem.o section .bsct, initialized
                                            used in Debug\main.o
_modemDrvPDUSMSSendStepCnt       00000008   defined in Debug\modem.o section .bsct, initialized
                                            used in Debug\main.o
_modemDrvPowerDownStepCnt        0000000a   defined in Debug\modem.o section .bsct, initialized
                                            used in Debug\uart1.o Debug\main.o
_modemDrvPowerStartCnt           00000003   defined in Debug\modem.o section .bsct, initialized
_modemDrvTextSMSSendStepCnt      00000006   defined in Debug\modem.o section .bsct, initialized
_modemDrvWatchDogCnt             0000003f   defined in Debug\modem.o section .ubsct
                                            used in Debug\main.o
_modemLinkState                  00000001   defined in Debug\modem.o section .bsct, initialized
_modemNotReadyCnt                00000041   defined in Debug\modem.o section .ubsct
_modemPowerStatCnt               0000004b   defined in Debug\modem.o section .ubsct
_modemPowerState                 00000000   defined in Debug\modem.o section .bsct, initialized
_modemStatCnt0                   0000004c   defined in Debug\modem.o section .ubsct
_modemState                      00000002   defined in Debug\modem.o section .bsct, initialized
                                            used in Debug\main.o
_modem_drv                       00008b7d   defined in Debug\modem.o section .text
                                            used in Debug\main.o
_modem_gpio_init                 000089e1   defined in Debug\modem.o section .text
_modem_plazma                    000008f1   defined in Debug\uart1.o section .bss
                                            used in Debug\main.o
_modem_plazma1                   000008f0   defined in Debug\uart1.o section .bss
                                            used in Debug\main.o
_modem_send_sms                  00008f9c   defined in Debug\modem.o section .text
                                            used in Debug\uart1.o Debug\ds18b20.o
                                                    Debug\main.o Debug\uart3.o
_modem_stat_drv                  00008a22   defined in Debug\modem.o section .text
_n_but                           00000062   defined in Debug\lowlev.o section .ubsct
                                            used in Debug\main.o
_net_l_cnt_down                  00000049   defined in Debug\modem.o section .ubsct
_net_l_cnt_one                   00000047   defined in Debug\modem.o section .ubsct
_net_l_cnt_one_temp              00000043   defined in Debug\modem.o section .ubsct
_net_l_cnt_up                    0000004a   defined in Debug\modem.o section .ubsct
_net_l_cnt_zero                  00000045   defined in Debug\modem.o section .ubsct
_numberToSendSMS                 00000811   defined in Debug\modem.o section .bss
_numberToSendSMS_                000007fd   defined in Debug\modem.o section .bss
_number_temp                     0000004d   defined in Debug\uart1.o section .ubsct
_optr_kontr_cnt                  00000d79   defined in Debug\main.o section .bss
                                            used in Debug\uart3.o
_optr_stat                       00000d7a   defined in Debug\main.o section .bss
                                            used in Debug\uart3.o
_outMode                         0000401d   defined in Debug\main.o
                                            used in Debug\uart1.o Debug\uart3.o
_out_drv                         0000a658   defined in Debug\lowlev.o section .text
                                            used in Debug\main.o
_out_stat                        00000088   defined in Debug\main.o section .ubsct
                                            used in Debug\lowlev.o
_phoneNumberForSMS               0000003d   defined in Debug\modem.o section .ubsct
_powerAlarm                      0000401c   defined in Debug\main.o
                                            used in Debug\uart1.o
_powerEnabled                    00000072   defined in Debug\main.o section .ubsct
                                            used in Debug\uart1.o
_powerNecc                       00000031   defined in Debug\main.o section .bsct, initialized
_powerNeccDelta                  00000073   defined in Debug\main.o section .ubsct
_powerNeccOld                    00000032   defined in Debug\main.o section .bsct, initialized
_powerStat                       00000035   defined in Debug\main.o section .bsct, initialized
_power_hndl                      0000b192   defined in Debug\main.o section .text
_power_in_drv                    0000ac6c   defined in Debug\main.o section .text
_power_in_drv_alarm_cnt          0000010c   defined in Debug\main.o section .data, initialized
_power_in_drv_off_cnt            0000010a   defined in Debug\main.o section .data, initialized
_power_in_test                   0000add5   defined in Debug\main.o section .text
_power_necc_hndl                 0000b243   defined in Debug\main.o section .text
_printf                          0000d9fb   defined in (C:\Program Files (x86)\COSMIC\CXSTM8_32K\Lib\libis0.sm8)printf.o section .text
                                            used in Debug\modem.o Debug\uart1.o
_ptr1                            000000f2   defined in Debug\uart3.o section .ubsct
_ptr2                            000000f0   defined in Debug\uart3.o section .ubsct
_ptrTemp                         000004f7   defined in Debug\modem.o section .bss
_putchar                         0000e06e   defined in (C:\Program Files (x86)\COSMIC\CXSTM8_32K\Lib\libis0.sm8)putchr.o section .text
                                            used in (C:\Program Files (x86)\COSMIC\CXSTM8_32K\Lib\libis0.sm8)cprint.o
_putchar1                        00009500   defined in Debug\uart1.o section .text
_rand                            0000e075   defined in (C:\Program Files (x86)\COSMIC\CXSTM8_32K\Lib\libis0.sm8)rand.o section .text
                                            used in Debug\uart1.o Debug\lowlev.o
_rand_dig                        00000d71   defined in Debug\main.o section .bss
                                            used in Debug\uart1.o
_rand_dig_str                    00000102   defined in Debug\main.o section .data, initialized
                                            used in Debug\uart1.o
_random_gen                      0000ab67   defined in Debug\lowlev.o section .text
                                            used in Debug\main.o
_retCnt                          0000005a   defined in Debug\lowlev.o section .ubsct
_retStep                         00000059   defined in Debug\lowlev.o section .ubsct
_ret_ind                         0000a9f2   defined in Debug\lowlev.o section .text
                                            used in Debug\uart1.o Debug\main.o
_ret_ind_hndl                    0000a9f9   defined in Debug\lowlev.o section .text
                                            used in Debug\main.o
_russianText                     000005f3   defined in Debug\modem.o section .bss
                                            used in Debug\uart1.o
_rxBuffer1                       00000bd6   defined in Debug\uart1.o section .bss
_rxBuffer3                       00000de2   defined in Debug\uart3.o section .bss
_rx_wr_index1                    00000a76   defined in Debug\uart1.o section .bss
_rx_wr_index3                    00000de0   defined in Debug\uart3.o section .bss
_sheduler_hndl                   0000b12f   defined in Debug\main.o section .text
_smsFifo                         0000010f   defined in Debug\modem.o section .bss
_smsFifoRdPtr                    000005f1   defined in Debug\modem.o section .bss
_smsFifoWrPtr                    000005f2   defined in Debug\modem.o section .bss
_sms_fifo_drv                    0000929b   defined in Debug\modem.o section .text
                                            used in Debug\main.o
_speed                           0000005d   defined in Debug\lowlev.o section .ubsct
                                            used in Debug\main.o
_sprintf                         0000e09d   defined in (C:\Program Files (x86)\COSMIC\CXSTM8_32K\Lib\libis0.sm8)sprnt.o section .text
                                            used in Debug\modem.o Debug\uart1.o
_srand                           0000e094   defined in (C:\Program Files (x86)\COSMIC\CXSTM8_32K\Lib\libis0.sm8)rand.o section .text
_strcat                          0000e0b1   defined in (C:\Program Files (x86)\COSMIC\CXSTM8_32K\Lib\libis0.sm8)strcat0.o section .text
                                            used in Debug\modem.o Debug\uart1.o
_strcpy                          0000e0c5   defined in (C:\Program Files (x86)\COSMIC\CXSTM8_32K\Lib\libis0.sm8)strcpy0.o section .text
                                            used in Debug\modem.o Debug\uart1.o
                                                    Debug\ds18b20.o Debug\main.o
_strcspn                         0000e0d3   defined in (C:\Program Files (x86)\COSMIC\CXSTM8_32K\Lib\libis0.sm8)strcsp.o section .text
                                            used in Debug\modem.o
_strlen                          0000e0f7   defined in (C:\Program Files (x86)\COSMIC\CXSTM8_32K\Lib\libis0.sm8)strlen0.o section .text
                                            used in Debug\modem.o
                                                    (C:\Program Files (x86)\COSMIC\CXSTM8_32K\Lib\libis0.sm8)cprint.o
_strncat                         0000e103   defined in (C:\Program Files (x86)\COSMIC\CXSTM8_32K\Lib\libis0.sm8)strnct.o section .text
                                            used in Debug\uart1.o
_strncpy                         0000e12e   defined in (C:\Program Files (x86)\COSMIC\CXSTM8_32K\Lib\libis0.sm8)strncp.o section .text
                                            used in Debug\modem.o Debug\uart1.o
_strspn                          0000e154   defined in (C:\Program Files (x86)\COSMIC\CXSTM8_32K\Lib\libis0.sm8)strspn.o section .text
                                            used in Debug\modem.o
_strstr                          0000e17c   defined in (C:\Program Files (x86)\COSMIC\CXSTM8_32K\Lib\libis0.sm8)strstr.o section .text
                                            used in Debug\modem.o Debug\uart1.o
                                                    Debug\uart3.o
_strtol                          0000e1b0   defined in (C:\Program Files (x86)\COSMIC\CXSTM8_32K\Lib\libis0.sm8)strtol.o section .text
                                            used in Debug\modem.o Debug\uart1.o
_t0_cnt0                         00000011   defined in Debug\main.o section .bsct, initialized
_t0_cnt1                         00000012   defined in Debug\main.o section .bsct, initialized
_t0_cnt2                         00000013   defined in Debug\main.o section .bsct, initialized
_t0_cnt3                         00000014   defined in Debug\main.o section .bsct, initialized
_t0_cnt4                         00000015   defined in Debug\main.o section .bsct, initialized
_t4_init                         0000d07a   defined in Debug\main.o section .text
_targetTemper                    00000084   defined in Debug\main.o section .ubsct
                                            used in Debug\uart1.o
_tempRussianText                 00000597   defined in Debug\modem.o section .bss
                                            used in Debug\uart1.o Debug\ds18b20.o
                                                    Debug\main.o
_tempStr                         00000579   defined in Debug\modem.o section .bss
                                            used in Debug\uart1.o
_tempUC                          00000069   defined in Debug\main.o section .ubsct
_temperOfAir                     00000086   defined in Debug\main.o section .ubsct
                                            used in Debug\uart1.o Debug\uart3.o
_temperOfWater                   00000087   defined in Debug\main.o section .ubsct
                                            used in Debug\uart1.o
_temperRegToSheduler             0000006c   defined in Debug\main.o section .ubsct
_text2PDU                        00008fe6   defined in Debug\modem.o section .text
_textSMS                         0000003b   defined in Debug\modem.o section .ubsct
_textToSendPDUSMS                000007b7   defined in Debug\modem.o section .bss
_textToSendSMS                   00000825   defined in Debug\modem.o section .bss
_time_date                       0000006b   defined in Debug\main.o section .ubsct
_time_day_of_week                00000076   defined in Debug\main.o section .ubsct
_time_drv                        0000b09c   defined in Debug\main.o section .text
_time_hour                       00000077   defined in Debug\main.o section .ubsct
_time_min                        00000078   defined in Debug\main.o section .ubsct
_time_month                      00000075   defined in Debug\main.o section .ubsct
_time_sec                        00000079   defined in Debug\main.o section .ubsct
_time_year                       00000074   defined in Debug\main.o section .ubsct
_tolower                         0000e294   defined in (C:\Program Files (x86)\COSMIC\CXSTM8_32K\Lib\libis0.sm8)tolow0.o section .text
                                            used in Debug\modem.o
_toupper                         0000e29f   defined in (C:\Program Files (x86)\COSMIC\CXSTM8_32K\Lib\libis0.sm8)toup0.o section .text
                                            used in (C:\Program Files (x86)\COSMIC\CXSTM8_32K\Lib\libis0.sm8)cprint.o
_tree_down                       0000a781   defined in Debug\lowlev.o section .text
                                            used in Debug\uart1.o Debug\main.o
                                                    Debug\uart3.o
_tree_up                         0000a7b5   defined in Debug\lowlev.o section .text
                                            used in Debug\uart1.o Debug\main.o
                                                    Debug\uart3.o
_txBuffer1                       00000a78   defined in Debug\uart1.o section .bss
_tx_counter1                     00000a70   defined in Debug\uart1.o section .bss
                                            used in Debug\main.o
_tx_rd_index1                    00000a72   defined in Debug\uart1.o section .bss
_tx_wr_index1                    00000a74   defined in Debug\uart1.o section .bss
                                            used in Debug\main.o
_uart1_an_buffer                 00000912   defined in Debug\uart1.o section .bss
_uart1_in_an                     00009547   defined in Debug\uart1.o section .text
                                            used in Debug\main.o
_uart1_init                      00009427   defined in Debug\uart1.o section .text
                                            used in Debug\main.o
_uart1_plazma                    000008f2   defined in Debug\uart1.o section .bss
_uart3_an_buffer                 00000d7c   defined in Debug\uart3.o section .bss
_uart3_in_an                     0000d30e   defined in Debug\uart3.o section .text
                                            used in Debug\main.o
_uart3_init                      0000d283   defined in Debug\uart3.o section .text
                                            used in Debug\main.o
_uart3_plazma                    000000f4   defined in Debug\uart3.o section .ubsct
_ussdRequ                        00000054   defined in Debug\uart1.o section .ubsct
_version_show_cnt                0000010e   defined in Debug\main.o section .data, initialized
_warmOrder                       00008719   defined in Debug\main.o section .const
_watchdog_enable                 0000d927   defined in Debug\watchdog.o section .text
                                            used in Debug\main.o
_watchdog_reset                  0000d938   defined in Debug\watchdog.o section .text
                                            used in Debug\main.o
_waterSensorErrorStat            00000100   defined in Debug\ds18b20.o section .data, initialized
                                            used in Debug\uart1.o Debug\main.o
_waterSensorErrorStatOld         00000101   defined in Debug\ds18b20.o section .data, initialized
_waterTemperAlarm                00000033   defined in Debug\main.o section .bsct, initialized
_waterTemperAlarmCnt             00000d78   defined in Debug\main.o section .bss
_waterTemperAlarmHndl            0000af1a   defined in Debug\main.o section .text
_waterTemperAlarmOld             00000034   defined in Debug\main.o section .bsct, initialized
_wire1_in                        00000d37   defined in Debug\ds18b20.o section .bss
                                            used in Debug\main.o
_wire1_polling                   0000a445   defined in Debug\ds18b20.o section .text
_wire1_read_byte                 0000a3c2   defined in Debug\ds18b20.o section .text
_wire1_rts                       0000a3e8   defined in Debug\ds18b20.o section .text
_wire1_send_byte                 0000a3a5   defined in Debug\ds18b20.o section .text
_wire1_w0ts                      0000a370   defined in Debug\ds18b20.o section .text
_wire1_w1ts                      0000a33b   defined in Debug\ds18b20.o section .text
_zero_on                         00000091   defined in Debug\main.o section .ubsct
                                            used in Debug\lowlev.o
c_divsl                          0000e2aa   defined in (C:\Program Files (x86)\COSMIC\CXSTM8_32K\Lib\libm0.sm8)ldiv.o section .text
                                            used in (C:\Program Files (x86)\COSMIC\CXSTM8_32K\Lib\libm0.sm8)lsmod.o
c_divul                          0000e2c1   defined in (C:\Program Files (x86)\COSMIC\CXSTM8_32K\Lib\libm0.sm8)ldiv.o section .text
                                            used in (C:\Program Files (x86)\COSMIC\CXSTM8_32K\Lib\libis0.sm8)ildiv0.o
c_eewrc                          0000e3ab   defined in (C:\Program Files (x86)\COSMIC\CXSTM8_32K\Lib\libm0.sm8)eeprom.o section .text
                                            used in Debug\uart1.o Debug\main.o
                                                    Debug\uart3.o
c_eewrd                          0000e3de   defined in (C:\Program Files (x86)\COSMIC\CXSTM8_32K\Lib\libm0.sm8)eeprom.o section .text
                                            used in (C:\Program Files (x86)\COSMIC\CXSTM8_32K\Lib\libm0.sm8)eepwrl.o
c_eewrl                          0000e3fb   defined in (C:\Program Files (x86)\COSMIC\CXSTM8_32K\Lib\libm0.sm8)eepwrl.o section .text
                                            used in Debug\main.o
c_eewrw                          0000e395   defined in (C:\Program Files (x86)\COSMIC\CXSTM8_32K\Lib\libm0.sm8)eeprom.o section .text
                                            used in Debug\uart1.o Debug\main.o
                                                    Debug\uart3.o
c_idiv                           0000e441   defined in (C:\Program Files (x86)\COSMIC\CXSTM8_32K\Lib\libm0.sm8)idiv.o section .text
                                            used in Debug\uart1.o Debug\main.o
                                                    Debug\uart3.o
c_imul                           0000e45f   defined in (C:\Program Files (x86)\COSMIC\CXSTM8_32K\Lib\libm0.sm8)imul.o section .text
                                            used in Debug\lowlev.o Debug\main.o
                                                    (C:\Program Files (x86)\COSMIC\CXSTM8_32K\Lib\libis0.sm8)atoi.o
                                                    (C:\Program Files (x86)\COSMIC\CXSTM8_32K\Lib\libis0.sm8)cprint.o
c_itolx                          0000e480   defined in (C:\Program Files (x86)\COSMIC\CXSTM8_32K\Lib\libm0.sm8)itolx.o section .text
                                            used in (C:\Program Files (x86)\COSMIC\CXSTM8_32K\Lib\libis0.sm8)rand.o
                                                    (C:\Program Files (x86)\COSMIC\CXSTM8_32K\Lib\libis0.sm8)strtol.o
c_ladc                           0000e48e   defined in (C:\Program Files (x86)\COSMIC\CXSTM8_32K\Lib\libm0.sm8)ladc.o section .text
                                            used in Debug\main.o
                                                    (C:\Program Files (x86)\COSMIC\CXSTM8_32K\Lib\libis0.sm8)strtol.o
c_ladd                           0000e49f   defined in (C:\Program Files (x86)\COSMIC\CXSTM8_32K\Lib\libm0.sm8)ladd.o section .text
                                            used in (C:\Program Files (x86)\COSMIC\CXSTM8_32K\Lib\libis0.sm8)rand.o
c_lgneg                          0000e4b7   defined in (C:\Program Files (x86)\COSMIC\CXSTM8_32K\Lib\libm0.sm8)lgneg.o section .text
                                            used in (C:\Program Files (x86)\COSMIC\CXSTM8_32K\Lib\libm0.sm8)ldiv.o
c_lmod                           0000e4ca   defined in (C:\Program Files (x86)\COSMIC\CXSTM8_32K\Lib\libm0.sm8)lsmod.o section .text
                                            used in Debug\main.o
c_lmul                           0000e4ec   defined in (C:\Program Files (x86)\COSMIC\CXSTM8_32K\Lib\libm0.sm8)lmul.o section .text
                                            used in (C:\Program Files (x86)\COSMIC\CXSTM8_32K\Lib\libis0.sm8)rand.o
                                                    (C:\Program Files (x86)\COSMIC\CXSTM8_32K\Lib\libis0.sm8)strtol.o
c_lmulc                          0000e4f4   defined in (C:\Program Files (x86)\COSMIC\CXSTM8_32K\Lib\libm0.sm8)lmul.o section .text
                                            *** not used ***
c_lneg                           0000e577   defined in (C:\Program Files (x86)\COSMIC\CXSTM8_32K\Lib\libm0.sm8)lneg.o section .text
                                            used in (C:\Program Files (x86)\COSMIC\CXSTM8_32K\Lib\libis0.sm8)itob.o
                                                    (C:\Program Files (x86)\COSMIC\CXSTM8_32K\Lib\libis0.sm8)strtol.o
                                                    (C:\Program Files (x86)\COSMIC\CXSTM8_32K\Lib\libm0.sm8)ldiv.o
                                                    (C:\Program Files (x86)\COSMIC\CXSTM8_32K\Lib\libm0.sm8)lsmod.o
c_lreg                           000000f5   defined in (C:\Program Files (x86)\COSMIC\CXSTM8_32K\Lib\libm0.sm8)lreg.o section .ubsct
                                            used in Debug\modem.o Debug\uart1.o
                                                    Debug\main.o
                                                    (C:\Program Files (x86)\COSMIC\CXSTM8_32K\Lib\libis0.sm8)cprint.o
                                                    (C:\Program Files (x86)\COSMIC\CXSTM8_32K\Lib\libm0.sm8)ldiv.o
                                                    (C:\Program Files (x86)\COSMIC\CXSTM8_32K\Lib\libm0.sm8)eeprom.o
                                                    (C:\Program Files (x86)\COSMIC\CXSTM8_32K\Lib\libm0.sm8)eepwrl.o
                                                    (C:\Program Files (x86)\COSMIC\CXSTM8_32K\Lib\libm0.sm8)itolx.o
                                                    (C:\Program Files (x86)\COSMIC\CXSTM8_32K\Lib\libm0.sm8)ladc.o
                                                    (C:\Program Files (x86)\COSMIC\CXSTM8_32K\Lib\libm0.sm8)ladd.o
                                                    (C:\Program Files (x86)\COSMIC\CXSTM8_32K\Lib\libm0.sm8)lsmod.o
                                                    (C:\Program Files (x86)\COSMIC\CXSTM8_32K\Lib\libm0.sm8)lmul.o
                                                    (C:\Program Files (x86)\COSMIC\CXSTM8_32K\Lib\libm0.sm8)lneg.o
                                                    (C:\Program Files (x86)\COSMIC\CXSTM8_32K\Lib\libm0.sm8)ltor.o
                                                    (C:\Program Files (x86)\COSMIC\CXSTM8_32K\Lib\libm0.sm8)rtol.o
c_ltor                           0000e58c   defined in (C:\Program Files (x86)\COSMIC\CXSTM8_32K\Lib\libm0.sm8)ltor.o section .text
                                            used in Debug\main.o
                                                    (C:\Program Files (x86)\COSMIC\CXSTM8_32K\Lib\libis0.sm8)itob.o
                                                    (C:\Program Files (x86)\COSMIC\CXSTM8_32K\Lib\libis0.sm8)ildiv0.o
                                                    (C:\Program Files (x86)\COSMIC\CXSTM8_32K\Lib\libis0.sm8)rand.o
                                                    (C:\Program Files (x86)\COSMIC\CXSTM8_32K\Lib\libis0.sm8)strtol.o
c_lzmp                           0000e59e   defined in (C:\Program Files (x86)\COSMIC\CXSTM8_32K\Lib\libm0.sm8)lzmp.o section .text
                                            used in (C:\Program Files (x86)\COSMIC\CXSTM8_32K\Lib\libis0.sm8)itob.o
c_rtol                           0000e5b0   defined in (C:\Program Files (x86)\COSMIC\CXSTM8_32K\Lib\libm0.sm8)rtol.o section .text
                                            used in (C:\Program Files (x86)\COSMIC\CXSTM8_32K\Lib\libis0.sm8)cprint.o
                                                    (C:\Program Files (x86)\COSMIC\CXSTM8_32K\Lib\libis0.sm8)itob.o
                                                    (C:\Program Files (x86)\COSMIC\CXSTM8_32K\Lib\libis0.sm8)ildiv0.o
                                                    (C:\Program Files (x86)\COSMIC\CXSTM8_32K\Lib\libis0.sm8)rand.o
                                                    (C:\Program Files (x86)\COSMIC\CXSTM8_32K\Lib\libis0.sm8)strtol.o
c_sdivx                          0000e5c8   defined in (C:\Program Files (x86)\COSMIC\CXSTM8_32K\Lib\libm0.sm8)sdivx.o section .text
                                            used in Debug\main.o
c_smodx                          0000e5c2   defined in (C:\Program Files (x86)\COSMIC\CXSTM8_32K\Lib\libm0.sm8)sdivx.o section .text
                                            used in Debug\uart1.o Debug\lowlev.o
                                                    Debug\main.o
c_x                              000000f9   defined in (C:\Program Files (x86)\COSMIC\CXSTM8_32K\Lib\libm0.sm8)xreg.o section .ubsct
                                            used in C:\Program Files (x86)\COSMIC\CXSTM8_32K\Lib\crtsi0.sm8
                                                    Debug\modem.o Debug\uart1.o
                                                    Debug\uart3.o
                                                    (C:\Program Files (x86)\COSMIC\CXSTM8_32K\Lib\libis0.sm8)memcpy0.o
                                                    (C:\Program Files (x86)\COSMIC\CXSTM8_32K\Lib\libis0.sm8)strlen0.o
                                                    (C:\Program Files (x86)\COSMIC\CXSTM8_32K\Lib\libm0.sm8)ldiv.o
                                                    (C:\Program Files (x86)\COSMIC\CXSTM8_32K\Lib\libm0.sm8)eepwrl.o
                                                    (C:\Program Files (x86)\COSMIC\CXSTM8_32K\Lib\libm0.sm8)imul.o
                                                    (C:\Program Files (x86)\COSMIC\CXSTM8_32K\Lib\libm0.sm8)lsmod.o
                                                    (C:\Program Files (x86)\COSMIC\CXSTM8_32K\Lib\libm0.sm8)lmul.o
                                                    (C:\Program Files (x86)\COSMIC\CXSTM8_32K\Lib\libm0.sm8)sdivx.o
                                                    (C:\Program Files (x86)\COSMIC\CXSTM8_32K\Lib\libm0.sm8)xymov.o
                                                    (C:\Program Files (x86)\COSMIC\CXSTM8_32K\Lib\libm0.sm8)yxmov.o
c_xymov                          0000e5ed   defined in (C:\Program Files (x86)\COSMIC\CXSTM8_32K\Lib\libm0.sm8)xymov.o section .text
                                            used in Debug\lowlev.o
c_y                              000000fc   defined in (C:\Program Files (x86)\COSMIC\CXSTM8_32K\Lib\libm0.sm8)yreg.o section .ubsct
                                            used in C:\Program Files (x86)\COSMIC\CXSTM8_32K\Lib\crtsi0.sm8
                                                    Debug\modem.o Debug\main.o
c_yxmov                          0000e5fc   defined in (C:\Program Files (x86)\COSMIC\CXSTM8_32K\Lib\libm0.sm8)yxmov.o section .text
                                            used in Debug\lowlev.o
f_NonHandledInterrupt            0000e60d   defined in Debug\stm8_interrupt_vector.o section .text
f_TIM4_UPD_Interrupt             0000d08b   defined in Debug\main.o section .text
                                            used in Debug\stm8_interrupt_vector.o
f_UART1RxInterrupt               00009457   defined in Debug\uart1.o section .text
                                            used in Debug\stm8_interrupt_vector.o
f_UART1TxInterrupt               000094d0   defined in Debug\uart1.o section .text
                                            used in Debug\stm8_interrupt_vector.o
f_UART3RxInterrupt               0000d29b   defined in Debug\uart3.o section .text
                                            used in Debug\stm8_interrupt_vector.o
